[    0.000000] Initializing cgroup subsys cpuset
[    0.000000] Initializing cgroup subsys cpu
[    0.000000] Initializing cgroup subsys cpuacct
[    0.000000] Linux version 4.4.0-210-generic (buildd@lgw01-amd64-009) (gcc version 5.4.0 20160609 (Ubuntu 5.4.0-6ubuntu1~16.04.12) ) #242-Ubuntu SMP Fri Apr 16 09:57:56 UTC 2021 (Ubuntu 4.4.0-210.242-generic 4.4.262)
[    0.000000] Command line: BOOT_IMAGE=/boot/vmlinuz-4.4.0-210-generic root=LABEL=cloudimg-rootfs ro console=tty1 console=ttyS0
[    0.000000] KERNEL supported cpus:
[    0.000000]   Intel GenuineIntel
[    0.000000]   AMD AuthenticAMD
[    0.000000]   Centaur CentaurHauls
[    0.000000] x86/fpu: xstate_offset[2]:  576, xstate_sizes[2]:  256
[    0.000000] x86/fpu: Supporting XSAVE feature 0x01: 'x87 floating point registers'
[    0.000000] x86/fpu: Supporting XSAVE feature 0x02: 'SSE registers'
[    0.000000] x86/fpu: Supporting XSAVE feature 0x04: 'AVX registers'
[    0.000000] x86/fpu: Enabled xstate features 0x7, context size is 832 bytes, using 'standard' format.
[    0.000000] e820: BIOS-provided physical RAM map:
[    0.000000] BIOS-e820: [mem 0x0000000000000000-0x000000000009fbff] usable
[    0.000000] BIOS-e820: [mem 0x000000000009fc00-0x000000000009ffff] reserved
[    0.000000] BIOS-e820: [mem 0x00000000000f0000-0x00000000000fffff] reserved
[    0.000000] BIOS-e820: [mem 0x0000000000100000-0x000000003ffeffff] usable
[    0.000000] BIOS-e820: [mem 0x000000003fff0000-0x000000003fffffff] ACPI data
[    0.000000] BIOS-e820: [mem 0x00000000fec00000-0x00000000fec00fff] reserved
[    0.000000] BIOS-e820: [mem 0x00000000fee00000-0x00000000fee00fff] reserved
[    0.000000] BIOS-e820: [mem 0x00000000fffc0000-0x00000000ffffffff] reserved
[    0.000000] NX (Execute Disable) protection: active
[    0.000000] SMBIOS 2.5 present.
[    0.000000] Hypervisor detected: KVM
[    0.000000] Kernel/User page tables isolation: disabled
[    0.000000] e820: last_pfn = 0x3fff0 max_arch_pfn = 0x400000000
[    0.000000] MTRR: Disabled
[    0.000000] x86/PAT: MTRRs disabled, skipping PAT initialization too.
[    0.000000] CPU MTRRs all blank - virtualized system.
[    0.000000] x86/PAT: Configuration [0-7]: WB  WT  UC- UC  WB  WT  UC- UC  
[    0.000000] found SMP MP-table at [mem 0x0009fff0-0x0009ffff] mapped at [ffff88000009fff0]
[    0.000000] Scanning 1 areas for low memory corruption
[    0.000000] RAMDISK: [mem 0x362dc000-0x37165fff]
[    0.000000] ACPI: Early table checksum verification disabled
[    0.000000] ACPI: RSDP 0x00000000000E0000 000024 (v02 VBOX  )
[    0.000000] ACPI: XSDT 0x000000003FFF0030 00003C (v01 VBOX   VBOXXSDT 00000001 ASL  00000061)
[    0.000000] ACPI: FACP 0x000000003FFF00F0 0000F4 (v04 VBOX   VBOXFACP 00000001 ASL  00000061)
[    0.000000] ACPI: DSDT 0x000000003FFF0470 002325 (v02 VBOX   VBOXBIOS 00000002 INTL 20100528)
[    0.000000] ACPI: FACS 0x000000003FFF0200 000040
[    0.000000] ACPI: FACS 0x000000003FFF0200 000040
[    0.000000] ACPI: APIC 0x000000003FFF0240 00005C (v02 VBOX   VBOXAPIC 00000001 ASL  00000061)
[    0.000000] ACPI: SSDT 0x000000003FFF02A0 0001CC (v01 VBOX   VBOXCPUT 00000002 INTL 20100528)
[    0.000000] No NUMA configuration found
[    0.000000] Faking a node at [mem 0x0000000000000000-0x000000003ffeffff]
[    0.000000] NODE_DATA(0) allocated [mem 0x3ffeb000-0x3ffeffff]
[    0.000000] kvm-clock: Using msrs 4b564d01 and 4b564d00
[    0.000000] kvm-clock: cpu 0, msr 0:3ffe3001, primary cpu clock
[    0.000000] kvm-clock: using sched offset of 3488004151 cycles
[    0.000000] clocksource: kvm-clock: mask: 0xffffffffffffffff max_cycles: 0x1cd42e4dffb, max_idle_ns: 881590591483 ns
[    0.000000] Zone ranges:
[    0.000000]   DMA      [mem 0x0000000000001000-0x0000000000ffffff]
[    0.000000]   DMA32    [mem 0x0000000001000000-0x000000003ffeffff]
[    0.000000]   Normal   empty
[    0.000000]   Device   empty
[    0.000000] Movable zone start for each node
[    0.000000] Early memory node ranges
[    0.000000]   node   0: [mem 0x0000000000001000-0x000000000009efff]
[    0.000000]   node   0: [mem 0x0000000000100000-0x000000003ffeffff]
[    0.000000] Initmem setup node 0 [mem 0x0000000000001000-0x000000003ffeffff]
[    0.000000] ACPI: PM-Timer IO Port: 0x4008
[    0.000000] IOAPIC[0]: apic_id 2, version 32, address 0xfec00000, GSI 0-23
[    0.000000] ACPI: INT_SRC_OVR (bus 0 bus_irq 0 global_irq 2 dfl dfl)
[    0.000000] ACPI: INT_SRC_OVR (bus 0 bus_irq 9 global_irq 9 low level)
[    0.000000] Using ACPI (MADT) for SMP configuration information
[    0.000000] smpboot: Allowing 2 CPUs, 0 hotplug CPUs
[    0.000000] PM: Registered nosave memory: [mem 0x00000000-0x00000fff]
[    0.000000] PM: Registered nosave memory: [mem 0x0009f000-0x0009ffff]
[    0.000000] PM: Registered nosave memory: [mem 0x000a0000-0x000effff]
[    0.000000] PM: Registered nosave memory: [mem 0x000f0000-0x000fffff]
[    0.000000] e820: [mem 0x40000000-0xfebfffff] available for PCI devices
[    0.000000] Booting paravirtualized kernel on KVM
[    0.000000] clocksource: refined-jiffies: mask: 0xffffffff max_cycles: 0xffffffff, max_idle_ns: 7645519600211568 ns
[    0.000000] setup_percpu: NR_CPUS:512 nr_cpumask_bits:512 nr_cpu_ids:2 nr_node_ids:1
[    0.000000] PERCPU: Embedded 33 pages/cpu @ffff88003fc00000 s95192 r8192 d31784 u1048576
[    0.000000] Built 1 zonelists in Node order, mobility grouping on.  Total pages: 257912
[    0.000000] Policy zone: DMA32
[    0.000000] Kernel command line: BOOT_IMAGE=/boot/vmlinuz-4.4.0-210-generic root=LABEL=cloudimg-rootfs ro console=tty1 console=ttyS0
[    0.000000] PID hash table entries: 4096 (order: 3, 32768 bytes)
[    0.000000] Memory: 997792K/1048120K available (8644K kernel code, 1332K rwdata, 4044K rodata, 1492K init, 1164K bss, 50328K reserved, 0K cma-reserved)
[    0.000000] SLUB: HWalign=64, Order=0-3, MinObjects=0, CPUs=2, Nodes=1
[    0.000000] Hierarchical RCU implementation.
[    0.000000] 	Build-time adjustment of leaf fanout to 64.
[    0.000000] 	RCU restricting CPUs from NR_CPUS=512 to nr_cpu_ids=2.
[    0.000000] RCU: Adjusting geometry for rcu_fanout_leaf=64, nr_cpu_ids=2
[    0.000000] NR_IRQS:33024 nr_irqs:440 16
[    0.000000] Console: colour VGA+ 80x25
[    0.000000] console [tty1] enabled
[    0.000000] console [ttyS0] enabled
[    0.000000] tsc: Detected 2419.204 MHz processor
[    0.189749] Calibrating delay loop (skipped) preset value.. 4838.40 BogoMIPS (lpj=9676816)
[    0.191893] pid_max: default: 32768 minimum: 301
[    0.193059] ACPI: Core revision 20150930
[    0.194968] ACPI: 2 ACPI AML tables successfully acquired and loaded
[    0.197053] Security Framework initialized
[    0.198206] Yama: becoming mindful.
[    0.199021] AppArmor: AppArmor initialized
[    0.200772] Dentry cache hash table entries: 131072 (order: 8, 1048576 bytes)
[    0.202434] Inode-cache hash table entries: 65536 (order: 7, 524288 bytes)
[    0.207669] Mount-cache hash table entries: 2048 (order: 2, 16384 bytes)
[    0.208870] Mountpoint-cache hash table entries: 2048 (order: 2, 16384 bytes)
[    0.210303] Initializing cgroup subsys io
[    0.211036] Initializing cgroup subsys memory
[    0.211801] Initializing cgroup subsys devices
[    0.212730] Initializing cgroup subsys freezer
[    0.213642] Initializing cgroup subsys net_cls
[    0.214478] Initializing cgroup subsys perf_event
[    0.215609] Initializing cgroup subsys net_prio
[    0.216861] Initializing cgroup subsys hugetlb
[    0.217839] Initializing cgroup subsys pids
[    0.224439] mce: CPU supports 0 MCE banks
[    0.225366] Last level iTLB entries: 4KB 0, 2MB 0, 4MB 0
[    0.226422] Last level dTLB entries: 4KB 0, 2MB 0, 4MB 0, 1GB 0
[    0.227549] Spectre V1 : Mitigation: usercopy/swapgs barriers and __user pointer sanitization
[    0.229582] Spectre V2 : Mitigation: Full generic retpoline
[    0.230708] Spectre V2 : Spectre v2 / SpectreRSB mitigation: Filling RSB on context switch
[    0.233304] Speculative Store Bypass: Vulnerable
[    0.236586] Freeing SMP alternatives memory: 36K
[    0.243696] ftrace: allocating 32380 entries in 127 pages
[    0.315491] smpboot: APIC(0) Converting physical 0 to logical package 0
[    0.316805] smpboot: Max logical packages: 1
[    0.317812] x2apic enabled
[    0.318588] Switched APIC routing to physical x2apic.
[    0.320468] ..TIMER: vector=0x30 apic1=0 pin1=2 apic2=-1 pin2=-1
[    0.429746] smpboot: CPU0: 11th Gen Intel(R) Core(TM) i5-1135G7 @ 2.40GHz (family: 0x6, model: 0x8c, stepping: 0x1)
[    0.432220] Performance Events: unsupported p6 CPU model 140 no PMU driver, software events only.
[    0.443703] KVM setup paravirtual spinlock
[    0.445728] x86: Booting SMP configuration:
[    0.446814] .... node  #0, CPUs:      #1
[    0.448469] kvm-clock: cpu 1, msr 0:3ffe3041, secondary cpu clock
[    0.453866] mce: CPU supports 0 MCE banks
[    0.456389] x86: Booted up 1 node, 2 CPUs
[    0.457494] smpboot: Total of 2 processors activated (9676.81 BogoMIPS)
[    0.460571] devtmpfs: initialized
[    0.462403] evm: security.selinux
[    0.463007] evm: security.SMACK64
[    0.463621] evm: security.SMACK64EXEC
[    0.464262] evm: security.SMACK64TRANSMUTE
[    0.464986] evm: security.SMACK64MMAP
[    0.465645] evm: security.ima
[    0.466301] evm: security.capability
[    0.467214] clocksource: jiffies: mask: 0xffffffff max_cycles: 0xffffffff, max_idle_ns: 7645041785100000 ns
[    0.469765] futex hash table entries: 512 (order: 3, 32768 bytes)
[    0.471024] pinctrl core: initialized pinctrl subsystem
[    0.472293] RTC time:  8:35:09, date: 10/20/22
[    0.477405] NET: Registered protocol family 16
[    0.491390] cpuidle: using governor ladder
[    0.508335] cpuidle: using governor menu
[    0.509602] PCCT header not found.
[    0.513134] ACPI: bus type PCI registered
[    0.514628] acpiphp: ACPI Hot Plug PCI Controller Driver version: 0.5
[    0.518518] PCI: Using configuration type 1 for base access
[    0.535114] ACPI: Added _OSI(Module Device)
[    0.536200] ACPI: Added _OSI(Processor Device)
[    0.536954] ACPI: Added _OSI(3.0 _SCP Extensions)
[    0.538094] ACPI: Added _OSI(Processor Aggregator Device)
[    0.540171] ACPI: Executed 1 blocks of module-level executable AML code
[    0.543892] ACPI: Interpreter enabled
[    0.545453] ACPI: (supports S0 S5)
[    0.546178] ACPI: Using IOAPIC for interrupt routing
[    0.547651] PCI: Using host bridge windows from ACPI; if necessary, use "pci=nocrs" and report a bug
[    0.552579] ACPI: PCI Root Bridge [PCI0] (domain 0000 [bus 00-ff])
[    0.553566] acpi PNP0A03:00: _OSC: OS supports [ASPM ClockPM Segments MSI]
[    0.554875] acpi PNP0A03:00: _OSC: not requesting OS control; OS requires [ExtendedConfig ASPM ClockPM MSI]
[    0.556914] acpi PNP0A03:00: fail to add MMCONFIG information, can't access extended PCI configuration space under this bridge.
[    0.560199] PCI host bridge to bus 0000:00
[    0.561169] pci_bus 0000:00: root bus resource [io  0x0000-0x0cf7 window]
[    0.562473] pci_bus 0000:00: root bus resource [io  0x0d00-0xffff window]
[    0.563453] pci_bus 0000:00: root bus resource [mem 0x000a0000-0x000bffff window]
[    0.565479] pci_bus 0000:00: root bus resource [mem 0x40000000-0xfdffffff window]
[    0.566708] pci_bus 0000:00: root bus resource [bus 00-ff]
[    0.569699] pci 0000:00:01.1: legacy IDE quirk: reg 0x10: [io  0x01f0-0x01f7]
[    0.570922] pci 0000:00:01.1: legacy IDE quirk: reg 0x14: [io  0x03f6]
[    0.571939] pci 0000:00:01.1: legacy IDE quirk: reg 0x18: [io  0x0170-0x0177]
[    0.573176] pci 0000:00:01.1: legacy IDE quirk: reg 0x1c: [io  0x0376]
[    0.589335] pci 0000:00:07.0: quirk: [io  0x4000-0x403f] claimed by PIIX4 ACPI
[    0.599912] pci 0000:00:07.0: quirk: [io  0x4100-0x410f] claimed by PIIX4 SMB
[    0.608254] ACPI: PCI Interrupt Link [LNKA] (IRQs 5 9 10 *11)
[    0.609627] ACPI: PCI Interrupt Link [LNKB] (IRQs 5 9 *10 11)
[    0.610892] ACPI: PCI Interrupt Link [LNKC] (IRQs 5 *9 10 11)
[    0.612841] ACPI: PCI Interrupt Link [LNKD] (IRQs 5 9 10 *11)
[    0.614318] ACPI: Enabled 2 GPEs in block 00 to 07
[    0.616210] vgaarb: setting as boot device: PCI:0000:00:02.0
[    0.617131] vgaarb: device added: PCI:0000:00:02.0,decodes=io+mem,owns=io+mem,locks=none
[    0.618761] vgaarb: loaded
[    0.619692] vgaarb: bridge control possible 0000:00:02.0
[    0.621487] SCSI subsystem initialized
[    0.622782] ACPI: bus type USB registered
[    0.623583] usbcore: registered new interface driver usbfs
[    0.624388] usbcore: registered new interface driver hub
[    0.625689] usbcore: registered new device driver usb
[    0.627647] PCI: Using ACPI for IRQ routing
[    0.629192] NetLabel: Initializing
[    0.630195] NetLabel:  domain hash size = 128
[    0.631198] NetLabel:  protocols = UNLABELED CIPSOv4
[    0.633531] NetLabel:  unlabeled traffic allowed by default
[    0.634793] amd_nb: Cannot enumerate AMD northbridges
[    0.635695] clocksource: Switched to clocksource kvm-clock
[    0.658299] AppArmor: AppArmor Filesystem Enabled
[    0.659852] pnp: PnP ACPI init
[    0.661545] pnp: PnP ACPI: found 3 devices
[    0.672416] clocksource: acpi_pm: mask: 0xffffff max_cycles: 0xffffff, max_idle_ns: 2085701024 ns
[    0.675469] NET: Registered protocol family 2
[    0.676799] TCP established hash table entries: 8192 (order: 4, 65536 bytes)
[    0.678223] TCP bind hash table entries: 8192 (order: 5, 131072 bytes)
[    0.679368] TCP: Hash tables configured (established 8192 bind 8192)
[    0.680580] UDP hash table entries: 512 (order: 2, 16384 bytes)
[    0.681786] UDP-Lite hash table entries: 512 (order: 2, 16384 bytes)
[    0.683099] NET: Registered protocol family 1
[    0.683885] pci 0000:00:00.0: Limiting direct PCI/PCI transfers
[    0.688237] pci 0000:00:01.0: Activating ISA DMA hang workarounds
[    0.694150] Unpacking initramfs...
[    1.020697] Freeing initrd memory: 14888K
[    1.021818] clocksource: tsc: mask: 0xffffffffffffffff max_cycles: 0x22df14d9973, max_idle_ns: 440795285767 ns
[    1.023582] platform rtc_cmos: registered platform RTC device (no PNP device found)
[    1.025066] Scanning for low memory corruption every 60 seconds
[    1.026499] audit: initializing netlink subsys (disabled)
[    1.027258] audit: type=2000 audit(1666254915.636:1): initialized
[    1.028548] Initialise system trusted keyring
[    1.029378] HugeTLB registered 2 MB page size, pre-allocated 0 pages
[    1.031556] zbud: loaded
[    1.032743] VFS: Disk quotas dquot_6.6.0
[    1.033678] VFS: Dquot-cache hash table entries: 512 (order 0, 4096 bytes)
[    1.035018] squashfs: version 4.0 (2009/01/31) Phillip Lougher
[    1.036230] fuse init (API version 7.23)
[    1.036992] Key type big_key registered
[    1.037627] Allocating IMA MOK and blacklist keyrings.
[    1.042670] Key type asymmetric registered
[    1.043333] Asymmetric key parser 'x509' registered
[    1.044258] Block layer SCSI generic (bsg) driver version 0.4 loaded (major 249)
[    1.045430] io scheduler noop registered
[    1.046145] io scheduler deadline registered (default)
[    1.046983] io scheduler cfq registered
[    1.047795] pci_hotplug: PCI Hot Plug PCI Core version: 0.5
[    1.049627] pciehp: PCI Express Hot Plug Controller Driver version: 0.4
[    1.052608] ACPI: AC Adapter [AC] (on-line)
[    1.053565] input: Power Button as /devices/LNXSYSTM:00/LNXPWRBN:00/input/input0
[    1.054811] ACPI: Power Button [PWRF]
[    1.056070] input: Sleep Button as /devices/LNXSYSTM:00/LNXSLPBN:00/input/input1
[    1.058330] ACPI: Sleep Button [SLPF]
[    1.059532] GHES: HEST is not enabled!
[    1.060097] ACPI: Battery Slot [BAT0] (battery present)
[    1.062121] Serial: 8250/16550 driver, 32 ports, IRQ sharing enabled
[    1.084560] 00:02: ttyS0 at I/O 0x3f8 (irq = 4, base_baud = 115200) is a 16550A
[    1.088154] Linux agpgart interface v0.103
[    1.090817] loop: module loaded
[    1.092100] scsi host0: ata_piix
[    1.092965] scsi host1: ata_piix
[    1.093593] ata1: PATA max UDMA/33 cmd 0x1f0 ctl 0x3f6 bmdma 0xd000 irq 14
[    1.094607] ata2: PATA max UDMA/33 cmd 0x170 ctl 0x376 bmdma 0xd008 irq 15
[    1.096047] libphy: Fixed MDIO Bus: probed
[    1.096807] tun: Universal TUN/TAP device driver, 1.6
[    1.097686] tun: (C) 1999-2004 Max Krasnyansky <maxk@qualcomm.com>
[    1.099164] PPP generic driver version 2.4.2
[    1.100038] ehci_hcd: USB 2.0 'Enhanced' Host Controller (EHCI) Driver
[    1.101032] ehci-pci: EHCI PCI platform driver
[    1.101776] ehci-platform: EHCI generic platform driver
[    1.102712] ohci_hcd: USB 1.1 'Open' Host Controller (OHCI) Driver
[    1.103686] ohci-pci: OHCI PCI platform driver
[    1.104615] ohci-platform: OHCI generic platform driver
[    1.105567] uhci_hcd: USB Universal Host Controller Interface driver
[    1.106674] i8042: PNP: PS/2 Controller [PNP0303:PS2K,PNP0f03:PS2M] at 0x60,0x64 irq 1,12
[    1.108517] serio: i8042 KBD port at 0x60,0x64 irq 1
[    1.109296] serio: i8042 AUX port at 0x60,0x64 irq 12
[    1.110385] mousedev: PS/2 mouse device common for all mice
[    1.112217] input: AT Translated Set 2 keyboard as /devices/platform/i8042/serio0/input/input2
[    1.114346] rtc_cmos rtc_cmos: rtc core: registered rtc_cmos as rtc0
[    1.115832] rtc_cmos rtc_cmos: alarms up to one day, 114 bytes nvram
[    1.117776] i2c /dev entries driver
[    1.118895] device-mapper: uevent: version 1.0.3
[    1.120249] device-mapper: ioctl: 4.34.0-ioctl (2015-10-28) initialised: dm-devel@redhat.com
[    1.121797] ledtrig-cpu: registered to indicate activity on CPUs
[    1.123843] NET: Registered protocol family 10
[    1.124691] NET: Registered protocol family 17
[    1.125433] Key type dns_resolver registered
[    1.126945] registered taskstats version 1
[    1.127621] Loading compiled-in X.509 certificates
[    1.129146] Loaded X.509 cert 'Build time autogenerated kernel key: cf00e047681d67edb2720680708b7d9498083038'
[    1.131656] zswap: loaded using pool lzo/zbud
[    1.135335] Key type trusted registered
[    1.139545] Key type encrypted registered
[    1.142245] AppArmor: AppArmor sha1 policy hashing enabled
[    1.143615] ima: No TPM chip found, activating TPM-bypass!
[    1.144802] ima: Allocated hash algorithm: sha1
[    1.145596] evm: HMAC attrs: 0x1
[    1.146491]   Magic number: 10:404:574
[    1.147414] rtc_cmos rtc_cmos: setting system clock to 2022-10-20 08:35:10 UTC (1666254910)
[    1.149438] BIOS EDD facility v0.16 2004-Jun-25, 0 devices found
[    1.150411] EDD information not available.
[    1.292828] Freeing unused kernel memory: 1492K
[    1.294151] Write protecting the kernel read-only data: 14336k
[    1.295765] Freeing unused kernel memory: 1584K
[    1.296897] Freeing unused kernel memory: 52K
Loading, please wait...
starting version 229
[    1.312351] random: systemd-udevd: uninitialized urandom read (16 bytes read, 3 bits of entropy available)
[    1.312924] random: udevadm: uninitialized urandom read (16 bytes read, 3 bits of entropy available)
[    1.312947] random: udevadm: uninitialized urandom read (16 bytes read, 3 bits of entropy available)
[    1.318527] random: systemd-udevd: uninitialized urandom read (16 bytes read, 3 bits of entropy available)
[    1.321044] random: udevadm: uninitialized urandom read (16 bytes read, 3 bits of entropy available)
[    1.321096] random: udevadm: uninitialized urandom read (16 bytes read, 3 bits of entropy available)
[    1.321253] random: udevadm: uninitialized urandom read (16 bytes read, 3 bits of entropy available)
[    1.321313] random: udevadm: uninitialized urandom read (16 bytes read, 3 bits of entropy available)
[    1.321376] random: udevadm: uninitialized urandom read (16 bytes read, 3 bits of entropy available)
[    1.321437] random: udevadm: uninitialized urandom read (16 bytes read, 3 bits of entropy available)
[    1.373129] e1000: Intel(R) PRO/1000 Network Driver - version 7.3.21-k8-NAPI
[    1.375371] e1000: Copyright (c) 1999-2006 Intel Corporation.
[    1.376614] Fusion MPT base driver 3.04.20
[    1.377994] Copyright (c) 1999-2008 LSI Corporation
[    1.382497] Fusion MPT SPI Host driver 3.04.20
[    1.411963] AVX2 version of gcm_enc/dec engaged.
[    1.413791] AES CTR mode by8 optimization enabled
[    1.624316] input: ImExPS/2 Generic Explorer Mouse as /devices/platform/i8042/serio1/input/input4
[    2.040777] e1000 0000:00:03.0 eth0: (PCI:33MHz:32-bit) 02:be:82:6b:cc:1d
[    2.042706] e1000 0000:00:03.0 eth0: Intel(R) PRO/1000 Network Connection
[    2.044864] mptbase: ioc0: Initiating bringup
[    3.036923] ioc0: LSI53C1030 A0: Capabilities={Initiator}
[    5.258197] scsi host2: ioc0: LSI53C1030 A0, FwRev=00000000h, Ports=1, MaxQ=256, IRQ=20
[    7.015209] scsi 2:0:0:0: Direct-Access     VBOX     HARDDISK         1.0  PQ: 0 ANSI: 5
[    7.016861] scsi target2:0:0: Beginning Domain Validation
[    7.020914] scsi target2:0:0: Domain Validation skipping write tests
[    7.022206] scsi target2:0:0: Ending Domain Validation
[    7.023161] scsi target2:0:0: asynchronous
[    7.024174] scsi 2:0:1:0: Direct-Access     VBOX     HARDDISK         1.0  PQ: 0 ANSI: 5
[    7.025411] scsi target2:0:1: Beginning Domain Validation
[    7.027271] scsi target2:0:1: Domain Validation skipping write tests
[    7.028218] scsi target2:0:1: Ending Domain Validation
[    7.029268] scsi target2:0:1: asynchronous
[    7.034069] sd 2:0:0:0: [sda] 83886080 512-byte logical blocks: (42.9 GB/40.0 GiB)
[    7.034265] sd 2:0:0:0: Attached scsi generic sg0 type 0
[    7.043902] sd 2:0:1:0: Attached scsi generic sg1 type 0
[    7.044413] sd 2:0:1:0: [sdb] 20480 512-byte logical blocks: (10.5 MB/10.0 MiB)
[    7.044539] sd 2:0:1:0: [sdb] Write Protect is off
[    7.044641] sd 2:0:1:0: [sdb] Incomplete mode parameter data
[    7.044642] sd 2:0:1:0: [sdb] Assuming drive cache: write through
[    7.050667] sd 2:0:0:0: [sda] Write Protect is off
[    7.051729] sd 2:0:0:0: [sda] Incomplete mode parameter data
[    7.052727] sd 2:0:0:0: [sda] Assuming drive cache: write through
[    7.057913]  sda: sda1
[    7.057937] sd 2:0:1:0: [sdb] Attached SCSI disk
[    7.065109] sd 2:0:0:0: [sda] Attached SCSI disk
[    7.429920] e1000 0000:00:08.0 eth1: (PCI:33MHz:32-bit) 08:00:27:18:0c:31
[    7.431466] e1000 0000:00:08.0 eth1: Intel(R) PRO/1000 Network Connection
[    7.433656] e1000 0000:00:03.0 enp0s3: renamed from eth0
[    7.444257] e1000 0000:00:08.0 enp0s8: renamed from eth1
Begin: Loading essential drivers ... [    8.821865] md: linear personality registered for level -1
[    8.828359] md: multipath personality registered for level -4
[    8.833476] md: raid0 personality registered for level 0
[    8.840615] md: raid1 personality registered for level 1
[    8.920010] raid6: sse2x1   gen()  7571 MB/s
[    8.987742] raid6: sse2x1   xor()  6795 MB/s
[    9.055820] raid6: sse2x2   gen() 15111 MB/s
[    9.123747] raid6: sse2x2   xor()  9744 MB/s
[    9.191865] raid6: sse2x4   gen() 10183 MB/s
[    9.259840] raid6: sse2x4   xor()  9302 MB/s
[    9.327815] raid6: avx2x1   gen() 11922 MB/s
[    9.395734] raid6: avx2x2   gen() 20406 MB/s
[    9.464058] raid6: avx2x4   gen() 18580 MB/s
[    9.465350] raid6: using algorithm avx2x2 gen() 20406 MB/s
[    9.466406] raid6: using avx2x2 recovery algorithm
[    9.468406] xor: automatically using best checksumming function:
[    9.507747]    avx       : 20007.000 MB/sec
[    9.510770] async_tx: api initialized (async)
[    9.532615] md: raid6 personality registered for level 6
[    9.533536] md: raid5 personality registered for level 5
[    9.535650] md: raid4 personality registered for level 4
[    9.544359] md: raid10 personality registered for level 10
done.
Begin: Running /scripts/init-premount ... done.
Begin: Mounting root file system ... Begin: Running /scripts/local-top ... done.
Begin: Running /scripts/local-premount ... [    9.575876] Btrfs loaded
Scanning for Btrfs filesystems
done.
Warning: fsck not present, so skipping root file system
[    9.625578] EXT4-fs (sda1): mounted filesystem with ordered data mode. Opts: (null)
done.
Begin: Running /scripts/local-bottom ... done.
Begin: Running /scripts/init-bottom ... done.
[    9.736647] systemd[1]: systemd 229 running in system mode. (+PAM +AUDIT +SELINUX +IMA +APPARMOR +SMACK +SYSVINIT +UTMP +LIBCRYPTSETUP +GCRYPT +GNUTLS +ACL +XZ -LZ4 +SECCOMP +BLKID +ELFUTILS +KMOD -IDN)
[    9.740106] systemd[1]: Detected virtualization oracle.
[    9.741154] systemd[1]: Detected architecture x86-64.

Welcome to [1mUbuntu 16.04.7 LTS[0m!

[    9.744774] systemd[1]: Set hostname to <ubuntu>.
[    9.747035] systemd[1]: Initializing machine ID from random generator.
[    9.748110] systemd[1]: Installed transient /etc/machine-id file.
[    9.861523] systemd[1]: Listening on LVM2 poll daemon socket.
[[0;32m  OK  [0m] Listening on LVM2 poll daemon socket.
[    9.868066] systemd[1]: Reached target User and Group Name Lookups.
[[0;32m  OK  [0m] Reached target User and Group Name Lookups.
[    9.876706] systemd[1]: Listening on Journal Socket.
[[0;32m  OK  [0m] Listening on Journal Socket.
[    9.878093] systemd[1]: Reached target Encrypted Volumes.
[[0;32m  OK  [0m] Reached target Encrypted Volumes.
[    9.879919] systemd[1]: Listening on udev Control Socket.
[[0;32m  OK  [0m] Listening on udev Control Socket.
[    9.881941] systemd[1]: Listening on Device-mapper event daemon FIFOs.
[[0;32m  OK  [0m] Listening on Device-mapper event daemon FIFOs.
[    9.883879] systemd[1]: Reached target Swap.
[[0;32m  OK  [0m] Reached target Swap.
[    9.885425] systemd[1]: Listening on LVM2 metadata daemon socket.
[[0;32m  OK  [0m] Listening on LVM2 metadata daemon socket.
[    9.887175] systemd[1]: Reached target System Time Synchronized.
[[0;32m  OK  [0m] Reached target System Time Synchronized.
[    9.889459] systemd[1]: Listening on fsck to fsckd communication Socket.
[[0;32m  OK  [0m] Listening on fsck to fsckd communication Socket.
[    9.891984] systemd[1]: Listening on /dev/initctl Compatibility Named Pipe.
[[0;32m  OK  [0m] Listening on /dev/initctl Compatibility Named Pipe.
[    9.893630] systemd[1]: Listening on udev Kernel Socket.
[[0;32m  OK  [0m] Listening on udev Kernel Socket.
[    9.895313] systemd[1]: Created slice User and Session Slice.
[[0;32m  OK  [0m] Created slice User and Session Slice.
[    9.897131] systemd[1]: Started Forward Password Requests to Wall Directory Watch.
[[0;32m  OK  [0m] Started Forward Password Requests to Wall Directory Watch.
[    9.904781] systemd[1]: Started Trigger resolvconf update for networkd DNS.
[[0;32m  OK  [0m] Started Trigger resolvconf update for networkd DNS.
[    9.906751] systemd[1]: Set up automount Arbitrary Executable File Formats File System Automount Point.
[[0;32m  OK  [0m] Set up automount Arbitrary Executab...ats File System Automount Point.
[    9.909200] systemd[1]: Listening on Journal Socket (/dev/log).
[[0;32m  OK  [0m] Listening on Journal Socket (/dev/log).
[    9.910692] systemd[1]: Listening on Syslog Socket.
[[0;32m  OK  [0m] Listening on Syslog Socket.
[    9.912320] systemd[1]: Created slice System Slice.
[[0;32m  OK  [0m] Created slice System Slice.
[    9.928377] systemd[1]: Starting File System Check on Root Device...
         Starting File System Check on Root Device...
[    9.938302] systemd[1]: Starting Monitoring of LVM2 mirrors, snapshots etc. using dmeventd or progress polling...
         Starting Monitoring of LVM2 mirrors... dmeventd or progress polling...
[    9.943260] systemd[1]: Starting Load Kernel Modules...
         Starting Load Kernel Modules...
[    9.947589] systemd[1]: Created slice system-serial\x2dgetty.slice.
[[0;32m  OK  [0m] Created slice system-serial\x2dgetty.slice.
[    9.954015] systemd[1]: Reached target Slices.
[[0;32m  OK  [0m] Reached target Slices.
[    9.955657] systemd[1]: Starting Uncomplicated firewall...
[    9.961297] Loading iSCSI transport class v2.0-870.
         Starting Uncomplicated firewall...
[    9.965414] systemd[1]: Mounting Huge Pages File System...
         Mounting Huge Pages File System...
[    9.968517] systemd[1]: Starting Nameserver information manager...
         Starting Nameserver information manager...
[    9.972361] systemd[1]: Starting Set console keymap...
         Starting Set console keymap...
[    9.976210] systemd[1]: Mounting POSIX Message Queue File System...
         Mounting POSIX Message Queue File System...
[    9.983184] systemd[1]: Mounting Debug File System...
         Mounting Debug File System...
[    9.986912] iscsi: registered transport (tcp)
[    9.987055] systemd[1]: Listening on Journal Audit Socket.
[[0;32m  OK  [0m] Listening on Journal Audit Socket.
[    9.989898] systemd[1]: Starting Journal Service...
         Starting Journal Service...
[    9.992467] systemd[1]: Starting Create list of required static device nodes for the current kernel...
         Starting Create list of required st... nodes for the current kernel...
[    9.997796] systemd[1]: Mounted Huge Pages File System.
[[0;32m  OK  [0m] Mounted Huge Pages File System.
[   10.002621] systemd[1]: Mounted POSIX Message Queue File System.
[[0;32m  OK  [0m] Mounted POSIX Message Queue File System.
[   10.006409] systemd[1]: Mounted Debug File System.
[[0;32m  OK  [0m] Mounted Debug File System.
[   10.016303] systemd[1]: Started File System Check on Root Device.
[[0;32m  OK  [0m] Started File System Check on Root Device.
[   10.020191] systemd[1]: Started Uncomplicated firewall.
[[0;32m  OK  [0m] Started Uncomplicated firewall.
[   10.023212] systemd[1]: Started Create list of required static device nodes for the current kernel.
[[0;32m  OK  [0m] Started Create list of required sta...ce nodes for the current kernel.
[   10.026759] systemd[1]: Started Nameserver information manager.
[[0;32m  OK  [0m] Started Nameserver information manager.
[   10.031196] systemd[1]: Started LVM2 metadata daemon.
[[0;32m  OK  [0m] Started LVM2 metadata daemon.
[   10.038937] systemd[1]: Started File System Check Daemon to report status.
[[0;32m  OK  [0m] Started File System Check Daemon to report status.
[   10.043678] systemd[1]: Starting Create Static Device Nodes in /dev...
         Starting Create Static Device Nodes in /dev...
[   10.048778] systemd[1]: Starting Remount Root and Kernel File Systems...
         Starting Remount Root and Kernel File Systems...
[   10.053360] EXT4-fs (sda1): re-mounted. Opts: (null)
[   10.055592] systemd[1]: Started Remount Root and Kernel File Systems.
[[0;32m  OK  [0m] Started Remount Root and Kernel File Systems.
[   10.058409] systemd[1]: Started Journal Service.
[[0;32m  OK  [0m] Started Journal Service.
[[0;32m  OK  [0m] Started Create Static Device Nodes in /dev.
[   10.066245] iscsi: registered transport (iser)
         Starting udev Kernel Device Manager...
         Starting udev Coldplug all Devices...
         Starting Flush Journal to Persistent Storage...
         Starting Load/Save Random Seed...
[[0;32m  OK  [0m] Started Load Kernel Modules.
[[0;32m  OK  [0m] Started Set console keymap.
[[0;32m  OK  [0m] Started Load/Save Random Seed.
         Starting Apply Kernel Variables...
         Mounting FUSE Control File System...
[[0;32m  OK  [0m] Mounted FUSE Control File System.
[[0;32m  OK  [0m] Started udev Kernel Device Manager.
[   10.136123] systemd-journald[396]: Received request to flush runtime journal from PID 1
[[0;32m  OK  [0m] Started Flush Journal to Persistent Storage.
[[0;32m  OK  [0m] Started Apply Kernel Variables.
[[0;32m  OK  [0m] Started Monitoring of LVM2 mirrors,...ng dmeventd or progress polling.
[[0;32m  OK  [0m] Reached target Local File Systems (Pre).
[[0;32m  OK  [0m] Reached target Local File Systems.
         Starting Commit a transient machine-id on disk...
         Starting LSB: AppArmor initialization...
         Starting Initial cloud-init job (pre-networking)...
         Starting Create Volatile Files and Directories...
         Starting Set console font and keymap...
         Starting Tell Plymouth To Write Out Runtime Data...
[[0;32m  OK  [0m] Started udev Coldplug all Devices.
[[0;32m  OK  [0m] Started Tell Plymouth To Write Out Runtime Data.
[[0;32m  OK  [0m] Started Commit a transient machine-id on disk.
[[0;32m  OK  [0m] Started Dispatch Password Requests to Console Directory Watch.
[[0;32m  OK  [0m] Started Create Volatile Files and Directories.
         Starting Update UTMP about System Boot/Shutdown...
[[0;32m  OK  [0m] Started Update UTMP about System Boot/Shutdown.
[[0;32m  OK  [0m] Found device /dev/ttyS0.
[[0;32m  OK  [0m] Listening on Load/Save RF Kill Switch Status /dev/rfkill Watch.
[[0;32m  OK  [0m] Started LSB: AppArmor initialization.
         Starting Load AppArmor profiles managed internally by snapd...
[[0;32m  OK  [0m] Started Set console font and keymap.
[[0;32m  OK  [0m] Started Load AppArmor profiles managed internally by snapd.
[[0;32m  OK  [0m] Created slice system-getty.slice.
[   12.079670] cloud-init[489]: Cloud-init v. 21.1-19-gbad84ad4-0ubuntu1~16.04.2 running 'init-local' at Thu, 20 Oct 2022 08:35:21 +0000. Up 11.66 seconds.
[[0;32m  OK  [0m] Started Initial cloud-init job (pre-networking).
[[0;32m  OK  [0m] Reached target Network (Pre).
         Starting Raise network interfaces...
[[0;32m  OK  [0m] Started Raise network interfaces.
         Starting Initial cloud-init job (metadata service crawler)...
[[0;32m  OK  [0m] Reached target Network.
[   13.471005] cloud-init[960]: Cloud-init v. 21.1-19-gbad84ad4-0ubuntu1~16.04.2 running 'init' at Thu, 20 Oct 2022 08:35:22 +0000. Up 12.87 seconds.
[   13.474257] cloud-init[960]: ci-info: ++++++++++++++++++++++++++++++++++++++Net device info+++++++++++++++++++++++++++++++++++++++
[   13.476940] cloud-init[960]: ci-info: +--------+-------+----------------------------+---------------+--------+-------------------+
[   13.479413] cloud-init[960]: ci-info: | Device |   Up  |          Address           |      Mask     | Scope  |     Hw-Address    |
[   13.481389] cloud-init[960]: ci-info: +--------+-------+----------------------------+---------------+--------+-------------------+
[   13.485628] cloud-init[960]: ci-info: | enp0s3 |  True |         10.0.2.15          | 255.255.255.0 | global | 02:be:82:6b:cc:1d |
[   13.487550] cloud-init[960]: ci-info: | enp0s3 |  True | fe80::be:82ff:fe6b:cc1d/64 |       .       |  link  | 02:be:82:6b:cc:1d |
[   13.494312] cloud-init[960]: ci-info: | enp0s8 | False |             .              |       .       |   .    | 08:00:27:18:0c:31 |
[   13.495968] cloud-init[960]: ci-info: |   lo   |  True |         127.0.0.1          |   255.0.0.0   |  host  |         .         |
[   13.504675] cloud-init[960]: ci-info: |   lo   |  True |          ::1/128           |       .       |  host  |         .         |
[   13.513162] cloud-init[960]: ci-info: +--------+-------+----------------------------+---------------+--------+-------------------+
[   13.515109] cloud-init[960]: ci-info: +++++++++++++++++++++++++++Route IPv4 info++++++++++++++++++++++++++++
[   13.516251] cloud-init[960]: ci-info: +-------+-------------+----------+---------------+-----------+-------+
[   13.524594] cloud-init[960]: ci-info: | Route | Destination | Gateway  |    Genmask    | Interface | Flags |
[   13.532790] cloud-init[960]: ci-info: +-------+-------------+----------+---------------+-----------+-------+
[   13.540615] cloud-init[960]: ci-info: |   0   |   0.0.0.0   | 10.0.2.2 |    0.0.0.0    |   enp0s3  |   UG  |
[   13.542616] cloud-init[960]: ci-info: |   1   |   10.0.2.0  | 0.0.0.0  | 255.255.255.0 |   enp0s3  |   U   |
[   13.549903] cloud-init[960]: ci-info: +-------+-------------+----------+---------------+-----------+-------+
[   13.551363] cloud-init[960]: ci-info: +++++++++++++++++++Route IPv6 info+++++++++++++++++++
[   13.552850] cloud-init[960]: ci-info: +-------+-------------+---------+-----------+-------+
[   13.560485] cloud-init[960]: ci-info: | Route | Destination | Gateway | Interface | Flags |
[   13.568600] cloud-init[960]: ci-info: +-------+-------------+---------+-----------+-------+
[   13.570358] cloud-init[960]: ci-info: |   0   |  fe80::/64  |    ::   |   enp0s3  |   U   |
[   13.572105] cloud-init[960]: ci-info: |   3   |   ff00::/8  |    ::   |   enp0s3  |   U   |
[   13.573791] cloud-init[960]: ci-info: +-------+-------------+---------+-----------+-------+
[   13.573997] cloud-init[960]: Generating public/private rsa key pair.
[   13.574387] cloud-init[960]: Your identification has been saved in /etc/ssh/ssh_host_rsa_key.
[[0;32m  OK  [0m] Started Initial cloud-init job (metadata service crawler).
[   13.574829] cloud-init[960]: Your public key has been saved in /etc/ssh/ssh_host_rsa_key.pub.
[   13.588659] cloud-init[960]: The key fingerprint is:
[   13.588770] cloud-init[960]: SHA256:qPDxdULBR1CfNGgpskl64tMJd8ApKXCZ62g4Hj/DbXY root@ubuntu-xenial
[[0;32m  OK  [0m] Reached target Network is Online.
[   13.588824] cloud-init[960]: The key's randomart image is:
[   13.590800] cloud-init[960]: +---[RSA 2048]----+
[   13.591358] cloud-init[960]: |...o o oo+ooo    |
[   13.591833] cloud-init[960]: | .+ o * o.=o o   |
[   13.592884] cloud-init[960]: |   o + =.+  o    |
[   13.593619] cloud-init[960]: |  . + =o.        |
[   13.600338] cloud-init[960]: |.o...*.oS .      |
[   13.601241] cloud-init[960]: |+o.oo+o. o       |
[   13.601817] cloud-init[960]: |o.+ +..          |
[   13.602441] cloud-init[960]: | . = + E         |
[   13.602960] cloud-init[960]: |    = .          |
[   13.603440] cloud-init[960]: +----[SHA256]-----+
[   13.604076] cloud-init[960]: Generating public/private dsa key pair.
[   13.604871] cloud-init[960]: Your identification has been saved in /etc/ssh/ssh_host_dsa_key.
[   13.605018] cloud-init[960]: Your public key has been saved in /etc/ssh/ssh_host_dsa_key.pub.
[   13.605263] cloud-init[960]: The key fingerprint is:
[   13.605583] cloud-init[960]: SHA256:xRz9Qf5srKhmpGA1kUvVGNTyCb5wKd77bKcIPQwDWxk root@ubuntu-xenial
[   13.605889] cloud-init[960]: The key's randomart image is:
[   13.606209] cloud-init[960]: +---[DSA 1024]----+
[   13.606651] cloud-init[960]: |        E+=* ..  |
[   13.607308] cloud-init[960]: |        +=+.+..  |
[   13.607417] cloud-init[960]: |      ..o++= o.. |
[   13.607796] cloud-init[960]: |       +*.+ o .+ |
[   13.608455] cloud-init[960]: |      .oS* .    =|
[   13.608704] cloud-init[960]: |      o .=+  . o |
[   13.608962] cloud-init[960]: |     . ..o+.. .  |
[   13.609358] cloud-init[960]: |        ..+=. .  |
[   13.609751] cloud-init[960]: |         ooo+o   |
[   13.610302] cloud-init[960]: +----[SHA256]-----+
[   13.610822] cloud-init[960]: Generating public/private ecdsa key pair.
[   13.611013] cloud-init[960]: Your identification has been saved in /etc/ssh/ssh_host_ecdsa_key.
[   13.611288] cloud-init[960]: Your public key has been saved in /etc/ssh/ssh_host_ecdsa_key.pub.
[   13.611557] cloud-init[960]: The key fingerprint is:
[   13.611957] cloud-init[960]: SHA256:zw44/6BOs6yJK7z/AkcB2JA5w+5uj8lu1litXbpohfg root@ubuntu-xenial
[   13.612271] cloud-init[960]: The key's randomart image is:
[   13.612599] cloud-init[960]: +---[ECDSA 256]---+
[   13.612720] cloud-init[960]: |+*.              |
[   13.613269] cloud-init[960]: |*...             |
[   13.613654] cloud-init[960]: |.o  .            |
[   13.613800] cloud-init[960]: | . .             |
[   13.614095] cloud-init[960]: |. o o   S        |
[   13.614406] cloud-init[960]: | + + o o o       |
[   13.615075] cloud-init[960]: |o B + B o o      |
[   13.615404] cloud-init[960]: |oBoE.* * +       |
[   13.616126] cloud-init[960]: |=BB===* ..o      |
[   13.616368] cloud-init[960]: +----[SHA256]-----+
[   13.616579] cloud-init[960]: Generating public/private ed25519 key pair.
[   13.616935] cloud-init[960]: Your identification has been saved in /etc/ssh/ssh_host_ed25519_key.
[   13.617125] cloud-init[960]: Your public key has been saved in /etc/ssh/ssh_host_ed25519_key.pub.
[   13.617312] cloud-init[960]: The key fingerprint is:
[   13.617547] cloud-init[960]: SHA256:tbjTJvW7oIjdq1Rk4JfPNm90JRg395Z9XpcMtDMP85k root@ubuntu-xenial
[   13.617868] cloud-init[960]: The key's randomart image is:
[   13.618044] cloud-init[960]: +--[ED25519 256]--+
[   13.618067] cloud-init[960]: |      .     ooo .|
[   13.618379] cloud-init[960]: |     . . .   ++o=|
         Starting iSCSI initiator daemon (iscsid)...
[[0;32m  OK  [0m] Reached target Cloud-config availability.
[[0;32m  OK  [0m] Reached target System Initialization.
[   13.618698] cloud-init[960]: |      . = . .*.+O|
[[0;32m  OK  [0m[   13.632434] cloud-init[960]: |       + = .  B=*|
[   13.632679] cloud-init[960]: |        S B . .E.|
[   13.632965] cloud-init[960]: |       . = = .   |
[   13.633421] cloud-init[960]: |      . + + +    |
[   13.634091] cloud-init[960]: |     + o = o .   |
[   13.634531] cloud-init[960]: |    . +.+.  o.   |
[   13.634797] cloud-init[960]: +----[SHA256]-----+
] Started Daily Cleanup of Temporary Directories.
         Starting LXD - unix socket.
[[0;32m  OK  [0m] Listening on UUID daemon activation socket.
[[0;32m  OK  [0m] Started Daily apt download activities.
[[0;32m  OK  [0m] Listening on D-Bus System Message Bus Socket.
         Starting Socket activation for snappy daemon.
[[0;32m  OK  [0m] Started Daily apt upgrade and clean activities.
[[0;32m  OK  [0m] Started Ubuntu Advantage update messaging.
[[0;32m  OK  [0m] Started Message of the Day.
[[0;32m  OK  [0m] Reached target Timers.
[[0;32m  OK  [0m] Started ACPI Events Check.
[[0;32m  OK  [0m] Reached target Paths.
[[0;32m  OK  [0m] Listening on ACPID Listen Socket.
[[0;32m  OK  [0m] Listening on LXD - unix socket.
[[0;32m  OK  [0m] Listening on Socket activation for snappy daemon.
[[0;32m  OK  [0m] Reached target Sockets.
[[0;32m  OK  [0m] Reached target Basic System.
         Starting Pollinate to seed the pseudo random number generator...
[[0;32m  OK  [0m] Started FUSE filesystem for LXC.
[[0;32m  OK  [0m] Started Regular background program processing daemon.
         Starting Virtualbox guest utils...
         Starting LSB: Record successful boot for GRUB...
         Starting System Logging Service...
         Starting /etc/rc.local Compatibility...
[[0;32m  OK  [0m] Started ACPI event daemon.
         Starting Snap Daemon...
[[0;32m  OK  [0m] Started D-Bus System Message Bus.
         Starting Accounts Service...
         Starting Login Service...
         Starting LSB: MD monitoring daemon...
[[0;32m  OK  [0m] Started Deferred execution scheduler.
         Starting LXD - container startup/shutdown...
[[0;32m  OK  [0m] Started System Logging Service.
[[0;32m  OK  [0m] Started iSCSI initiator daemon (iscsid).
[[0;32m  OK  [0m] Started /etc/rc.local Compatibility.
         Starting Login to default iSCSI targets...
[[0;32m  OK  [0m] Started Login Service.
[[0;32m  OK  [0m] Started Unattended Upgrades Shutdown.
[[0;32m  OK  [0m] Started LSB: Record successful boot for GRUB.
[[0;32m  OK  [0m] Started Login to default iSCSI targets.
[[0;32m  OK  [0m] Reached target Remote File Systems (Pre).
[[0;32m  OK  [0m] Reached target Remote File Systems.
         Starting LSB: daemon to balance interrupts for SMP systems...
         Starting LSB: automatic crash report generation...
         Starting LSB: Set the CPU Frequency Scaling governor to "ondemand"...
         Starting Permit User Sessions...
[[0;32m  OK  [0m] Started Permit User Sessions.
         Starting Hold until boot process finishes up...
         Starting Terminate Plymouth Boot Screen...
[[0;32m  OK  [0m] Started Hold until boot process finishes up.
[[0;32m  OK  [0m] Started Getty on tty1.
         Starting Set console scheme...
[[0;32m  OK  [0m] Started Serial Getty on ttyS0.
[[0;32m  OK  [0m] Reached target Login Prompts.
[[0;32m  OK  [0m] Started LSB: MD monitoring daemon.
[[0;32m  OK  [0m] Started Terminate Plymouth Boot Screen.
[[0;32m  OK  [0m] Started Set console scheme.
         Starting Authenticate and Authorize Users to Run Privileged Tasks...
[[0;32m  OK  [0m] Started LSB: Set the CPU Frequency Scaling governor to "ondemand".
[[0;32m  OK  [0m] Started LSB: automatic crash report generation.
[[0;32m  OK  [0m] Started LSB: daemon to balance interrupts for SMP systems.
[[0;32m  OK  [0m] Started Authenticate and Authorize Users to Run Privileged Tasks.
[[0;32m  OK  [0m] Started Accounts Service.
[[0;32m  OK  [0m] Started LXD - container startup/shutdown.
[[0;32m  OK  [0m] Started Virtualbox guest utils.
[[0;32m  OK  [0m] Started Snap Daemon.
         Starting Wait until snapd is fully seeded...
[[0;32m  OK  [0m] Started Wait until snapd is fully seeded.
         Starting Apply the settings specified in cloud-config...
[[0;32m  OK  [0m] Started Pollinate to seed the pseudo random number generator.
         Starting OpenBSD Secure Shell server...
[[0;32m  OK  [0m] Started OpenBSD Secure Shell server.
[[0;32m  OK  [0m] Reached target Multi-User System.
[[0;32m  OK  [0m] Reached target Graphical Interface.
         Starting Update UTMP about System Runlevel Changes...
[[0;32m  OK  [0m] Started Update UTMP about System Runlevel Changes.
[   15.962251] cloud-init[1294]: Generating locales (this might take a while)...
[   17.340666] cloud-init[1294]:   en_US.UTF-8... done
[   17.348465] cloud-init[1294]: Generation complete.
[   17.672308] cloud-init[1294]: Cloud-init v. 21.1-19-gbad84ad4-0ubuntu1~16.04.2 running 'modules:config' at Thu, 20 Oct 2022 08:35:25 +0000. Up 15.62 seconds.
[[0;32m  OK  [0m] Started Apply the settings specified in cloud-config.
         Starting Execute cloud user/final scripts...
ci-info: no authorized SSH keys fingerprints found for user ubuntu.
<14>Oct 20 08:35:27 ec2: 
<14>Oct 20 08:35:27 ec2: #############################################################
<14>Oct 20 08:35:27 ec2: -----BEGIN SSH HOST KEY FINGERPRINTS-----
<14>Oct 20 08:35:27 ec2: 1024 SHA256:xRz9Qf5srKhmpGA1kUvVGNTyCb5wKd77bKcIPQwDWxk root@ubuntu-xenial (DSA)
<14>Oct 20 08:35:27 ec2: 256 SHA256:zw44/6BOs6yJK7z/AkcB2JA5w+5uj8lu1litXbpohfg root@ubuntu-xenial (ECDSA)
<14>Oct 20 08:35:27 ec2: 256 SHA256:tbjTJvW7oIjdq1Rk4JfPNm90JRg395Z9XpcMtDMP85k root@ubuntu-xenial (ED25519)
<14>Oct 20 08:35:27 ec2: 2048 SHA256:qPDxdULBR1CfNGgpskl64tMJd8ApKXCZ62g4Hj/DbXY root@ubuntu-xenial (RSA)
<14>Oct 20 08:35:27 ec2: -----END SSH HOST KEY FINGERPRINTS-----
<14>Oct 20 08:35:27 ec2: #############################################################
-----BEGIN SSH HOST KEY KEYS-----
ecdsa-sha2-nistp256 AAAAE2VjZHNhLXNoYTItbmlzdHAyNTYAAAAIbmlzdHAyNTYAAABBBBIOIS1yEi4GAeGAZHQjJsU8pazg7Ws/DxhuquKkulnsIgh0Td+DgLO+ER4jPmqZs+ytUu/seWlx/cdkcP8d9m0= root@ubuntu-xenial
ssh-ed25519 AAAAC3NzaC1lZDI1NTE5AAAAIDhqLfUJcHqXiejmtgMaeQhLM7KtmRIV28asjv75h7mH root@ubuntu-xenial
ssh-rsa AAAAB3NzaC1yc2EAAAADAQABAAABAQDNj7pD8mxLLD0nyrBP1suwdKdR3FRuo2mS8M6CCxp/Jf7ascP36/BiFpA+cW1uYB0K8o/ONdF0SkoDdf+5UiISd+xgkh7OAa8RcINLNfTiJk+usFtkV+bB5OaBkfXsgpzR09j4+5tsX1l3uhZ6bfoowTC9dttPiz+a8Ayyx4Xlo1wD4Lh3To4gJCB3FMAMCWUQg4awoK7ztrx1rbhYcj3WTh4swL8FBVEuySsIqZm/Hhyf5yJIxLwc7VkLbkeQO8cPpa/e2vDLniSBu1yKzj1t3r7yYpTEQn+VWTQi3dw0kM42wt4nFnxJdAvi+eLSPAWeCdD9Qc8kUl2Cm+LKVGQ1 root@ubuntu-xenial
-----END SSH HOST KEY KEYS-----
[   18.245419] cloud-init[1362]: Cloud-init v. 21.1-19-gbad84ad4-0ubuntu1~16.04.2 running 'modules:final' at Thu, 20 Oct 2022 08:35:27 +0000. Up 18.07 seconds.
[   18.248381] cloud-init[1362]: ci-info: no authorized SSH keys fingerprints found for user ubuntu.
[   18.249939] cloud-init[1362]: Cloud-init v. 21.1-19-gbad84ad4-0ubuntu1~16.04.2 finished at Thu, 20 Oct 2022 08:35:27 +0000. Datasource DataSourceNoCloud [seed=/dev/sdb][dsmode=net].  Up 18.23 seconds
[[0;32m  OK  [0m] Started Execute cloud user/final scripts.
[[0;32m  OK  [0m] Reached target Cloud-init target.

Ubuntu 16.04.7 LTS ubuntu-xenial ttyS0

ubuntu-xenial login: 